---------appTests/v0.1_single_invalid_file.tst----------
			<= command =>
node sort too

			<= actual output =>
sort: No such file or directory
undefined

			<= expected output =>
sort: No such file or directory
---------appTests/v0.1_single_valid_file.tst----------
			<= command =>
printf "a
A
8
 8" > foo; node sort foo; rm foo

			<= actual output =>
undefined
 8
8
A
a

			<= expected output =>
 8
8
A
a
